
*** Running vivado
    with args -log design_1_wrapper.vdi -applog -m64 -product Vivado -messageDb vivado.pb -mode batch -source design_1_wrapper.tcl -notrace


****** Vivado v2020.2 (64-bit)
  **** SW Build 3064766 on Wed Nov 18 09:12:47 MST 2020
  **** IP Build 3064653 on Wed Nov 18 14:17:31 MST 2020
    ** Copyright 1986-2020 Xilinx, Inc. All Rights Reserved.

source design_1_wrapper.tcl -notrace
INFO: [IP_Flow 19-234] Refreshing IP repositories
INFO: [IP_Flow 19-1700] Loaded user IP repository '/home/chethana/XILINX/New_IP_Accelerator/terrain_cnn_project/terrain_cnn_ip'.
INFO: [IP_Flow 19-1700] Loaded user IP repository '/home/chethana/XILINX/New_IP_Accelerator/terrai_cpp_project2/terrain_cnn_ip_v2'.
INFO: [IP_Flow 19-2313] Loaded Vivado IP repository '/tools/Xilinx/Vivado/2020.2/data/ip'.
Command: link_design -top design_1_wrapper -part xc7z020clg400-2
Design is defaulting to srcset: sources_1
Design is defaulting to constrset: constrs_1
INFO: [Device 21-403] Loading part xc7z020clg400-2
Netlist sorting complete. Time (s): cpu = 00:00:00.11 ; elapsed = 00:00:00.12 . Memory (MB): peak = 2370.395 ; gain = 0.000 ; free physical = 4546 ; free virtual = 14453
INFO: [Netlist 29-17] Analyzing 855 Unisim elements for replacement
INFO: [Netlist 29-28] Unisim Transformation completed in 0 CPU seconds
INFO: [Project 1-479] Netlist was created with Vivado 2020.2
INFO: [Project 1-570] Preparing netlist for logic optimization
Parsing XDC File [/home/chethana/XILINX/New_IP_Accelerator/terrain_robot_hardware/terrain_robot_hardware.gen/sources_1/bd/design_1/ip/design_1_processing_system7_0_0/design_1_processing_system7_0_0.xdc] for cell 'design_1_i/processing_system7_0/inst'
Finished Parsing XDC File [/home/chethana/XILINX/New_IP_Accelerator/terrain_robot_hardware/terrain_robot_hardware.gen/sources_1/bd/design_1/ip/design_1_processing_system7_0_0/design_1_processing_system7_0_0.xdc] for cell 'design_1_i/processing_system7_0/inst'
Parsing XDC File [/home/chethana/XILINX/New_IP_Accelerator/terrain_robot_hardware/terrain_robot_hardware.gen/sources_1/bd/design_1/ip/design_1_rst_ps7_0_50M_1/design_1_rst_ps7_0_50M_1_board.xdc] for cell 'design_1_i/rst_ps7_0_50M/U0'
Finished Parsing XDC File [/home/chethana/XILINX/New_IP_Accelerator/terrain_robot_hardware/terrain_robot_hardware.gen/sources_1/bd/design_1/ip/design_1_rst_ps7_0_50M_1/design_1_rst_ps7_0_50M_1_board.xdc] for cell 'design_1_i/rst_ps7_0_50M/U0'
Parsing XDC File [/home/chethana/XILINX/New_IP_Accelerator/terrain_robot_hardware/terrain_robot_hardware.gen/sources_1/bd/design_1/ip/design_1_rst_ps7_0_50M_1/design_1_rst_ps7_0_50M_1.xdc] for cell 'design_1_i/rst_ps7_0_50M/U0'
Finished Parsing XDC File [/home/chethana/XILINX/New_IP_Accelerator/terrain_robot_hardware/terrain_robot_hardware.gen/sources_1/bd/design_1/ip/design_1_rst_ps7_0_50M_1/design_1_rst_ps7_0_50M_1.xdc] for cell 'design_1_i/rst_ps7_0_50M/U0'
Parsing XDC File [/home/chethana/XILINX/New_IP_Accelerator/terrain_robot_hardware/terrain_robot_hardware.gen/sources_1/bd/design_1/ip/design_1_axi_gpio_0_0/design_1_axi_gpio_0_0_board.xdc] for cell 'design_1_i/GPIO_1_tri_o/U0'
Finished Parsing XDC File [/home/chethana/XILINX/New_IP_Accelerator/terrain_robot_hardware/terrain_robot_hardware.gen/sources_1/bd/design_1/ip/design_1_axi_gpio_0_0/design_1_axi_gpio_0_0_board.xdc] for cell 'design_1_i/GPIO_1_tri_o/U0'
Parsing XDC File [/home/chethana/XILINX/New_IP_Accelerator/terrain_robot_hardware/terrain_robot_hardware.gen/sources_1/bd/design_1/ip/design_1_axi_gpio_0_0/design_1_axi_gpio_0_0.xdc] for cell 'design_1_i/GPIO_1_tri_o/U0'
Finished Parsing XDC File [/home/chethana/XILINX/New_IP_Accelerator/terrain_robot_hardware/terrain_robot_hardware.gen/sources_1/bd/design_1/ip/design_1_axi_gpio_0_0/design_1_axi_gpio_0_0.xdc] for cell 'design_1_i/GPIO_1_tri_o/U0'
Parsing XDC File [/home/chethana/XILINX/New_IP_Accelerator/terrain_robot_hardware/terrain_robot_hardware.gen/sources_1/bd/design_1/ip/design_1_axi_quad_spi_0_0/design_1_axi_quad_spi_0_0_board.xdc] for cell 'design_1_i/axi_quad_spi_0/U0'
Finished Parsing XDC File [/home/chethana/XILINX/New_IP_Accelerator/terrain_robot_hardware/terrain_robot_hardware.gen/sources_1/bd/design_1/ip/design_1_axi_quad_spi_0_0/design_1_axi_quad_spi_0_0_board.xdc] for cell 'design_1_i/axi_quad_spi_0/U0'
Parsing XDC File [/home/chethana/XILINX/New_IP_Accelerator/terrain_robot_hardware/terrain_robot_hardware.gen/sources_1/bd/design_1/ip/design_1_axi_quad_spi_0_0/design_1_axi_quad_spi_0_0.xdc] for cell 'design_1_i/axi_quad_spi_0/U0'
Finished Parsing XDC File [/home/chethana/XILINX/New_IP_Accelerator/terrain_robot_hardware/terrain_robot_hardware.gen/sources_1/bd/design_1/ip/design_1_axi_quad_spi_0_0/design_1_axi_quad_spi_0_0.xdc] for cell 'design_1_i/axi_quad_spi_0/U0'
Parsing XDC File [/home/chethana/XILINX/New_IP_Accelerator/terrain_robot_hardware/terrain_robot_hardware.gen/sources_1/bd/design_1/ip/design_1_axi_gpio_0_1/design_1_axi_gpio_0_1_board.xdc] for cell 'design_1_i/axi_gpio_1/U0'
Finished Parsing XDC File [/home/chethana/XILINX/New_IP_Accelerator/terrain_robot_hardware/terrain_robot_hardware.gen/sources_1/bd/design_1/ip/design_1_axi_gpio_0_1/design_1_axi_gpio_0_1_board.xdc] for cell 'design_1_i/axi_gpio_1/U0'
Parsing XDC File [/home/chethana/XILINX/New_IP_Accelerator/terrain_robot_hardware/terrain_robot_hardware.gen/sources_1/bd/design_1/ip/design_1_axi_gpio_0_1/design_1_axi_gpio_0_1.xdc] for cell 'design_1_i/axi_gpio_1/U0'
Finished Parsing XDC File [/home/chethana/XILINX/New_IP_Accelerator/terrain_robot_hardware/terrain_robot_hardware.gen/sources_1/bd/design_1/ip/design_1_axi_gpio_0_1/design_1_axi_gpio_0_1.xdc] for cell 'design_1_i/axi_gpio_1/U0'
Parsing XDC File [/home/chethana/XILINX/New_IP_Accelerator/terrain_robot_hardware/terrain_robot_hardware.gen/sources_1/bd/design_1/ip/design_1_jtag_axi_0_0/constraints/jtag_axi.xdc] for cell 'design_1_i/jtag_axi_0/inst'
Finished Parsing XDC File [/home/chethana/XILINX/New_IP_Accelerator/terrain_robot_hardware/terrain_robot_hardware.gen/sources_1/bd/design_1/ip/design_1_jtag_axi_0_0/constraints/jtag_axi.xdc] for cell 'design_1_i/jtag_axi_0/inst'
Parsing XDC File [/home/chethana/XILINX/New_IP_Accelerator/terrain_robot_hardware/terrain_robot_hardware.gen/sources_1/bd/design_1/ip/design_1_ila_0_0/ila_v6_2/constraints/ila_impl.xdc] for cell 'design_1_i/ila_0/inst'
Finished Parsing XDC File [/home/chethana/XILINX/New_IP_Accelerator/terrain_robot_hardware/terrain_robot_hardware.gen/sources_1/bd/design_1/ip/design_1_ila_0_0/ila_v6_2/constraints/ila_impl.xdc] for cell 'design_1_i/ila_0/inst'
Parsing XDC File [/home/chethana/XILINX/New_IP_Accelerator/terrain_robot_hardware/terrain_robot_hardware.gen/sources_1/bd/design_1/ip/design_1_ila_0_0/ila_v6_2/constraints/ila.xdc] for cell 'design_1_i/ila_0/inst'
Finished Parsing XDC File [/home/chethana/XILINX/New_IP_Accelerator/terrain_robot_hardware/terrain_robot_hardware.gen/sources_1/bd/design_1/ip/design_1_ila_0_0/ila_v6_2/constraints/ila.xdc] for cell 'design_1_i/ila_0/inst'
Parsing XDC File [/home/chethana/XILINX/New_IP_Accelerator/terrain_robot_hardware/terrain_robot_hardware.srcs/constrs_1/new/pins.xdc]
WARNING: [Vivado 12-584] No ports matched 'arduino_cmd_tri_o[0]'. [/home/chethana/XILINX/New_IP_Accelerator/terrain_robot_hardware/terrain_robot_hardware.srcs/constrs_1/new/pins.xdc:34]
CRITICAL WARNING: [Common 17-55] 'set_property' expects at least one object. [/home/chethana/XILINX/New_IP_Accelerator/terrain_robot_hardware/terrain_robot_hardware.srcs/constrs_1/new/pins.xdc:34]
Resolution: If [get_<value>] was used to populate the object, check to make sure this command returns at least one valid object.
WARNING: [Vivado 12-584] No ports matched 'arduino_cmd_tri_o[0]'. [/home/chethana/XILINX/New_IP_Accelerator/terrain_robot_hardware/terrain_robot_hardware.srcs/constrs_1/new/pins.xdc:35]
CRITICAL WARNING: [Common 17-55] 'set_property' expects at least one object. [/home/chethana/XILINX/New_IP_Accelerator/terrain_robot_hardware/terrain_robot_hardware.srcs/constrs_1/new/pins.xdc:35]
Resolution: If [get_<value>] was used to populate the object, check to make sure this command returns at least one valid object.
WARNING: [Vivado 12-584] No ports matched 'arduino_cmd_tri_o[1]'. [/home/chethana/XILINX/New_IP_Accelerator/terrain_robot_hardware/terrain_robot_hardware.srcs/constrs_1/new/pins.xdc:37]
CRITICAL WARNING: [Common 17-55] 'set_property' expects at least one object. [/home/chethana/XILINX/New_IP_Accelerator/terrain_robot_hardware/terrain_robot_hardware.srcs/constrs_1/new/pins.xdc:37]
Resolution: If [get_<value>] was used to populate the object, check to make sure this command returns at least one valid object.
WARNING: [Vivado 12-584] No ports matched 'arduino_cmd_tri_o[1]'. [/home/chethana/XILINX/New_IP_Accelerator/terrain_robot_hardware/terrain_robot_hardware.srcs/constrs_1/new/pins.xdc:38]
CRITICAL WARNING: [Common 17-55] 'set_property' expects at least one object. [/home/chethana/XILINX/New_IP_Accelerator/terrain_robot_hardware/terrain_robot_hardware.srcs/constrs_1/new/pins.xdc:38]
Resolution: If [get_<value>] was used to populate the object, check to make sure this command returns at least one valid object.
WARNING: [Vivado 12-584] No ports matched 'arduino_cmd_tri_o[2]'. [/home/chethana/XILINX/New_IP_Accelerator/terrain_robot_hardware/terrain_robot_hardware.srcs/constrs_1/new/pins.xdc:40]
CRITICAL WARNING: [Common 17-55] 'set_property' expects at least one object. [/home/chethana/XILINX/New_IP_Accelerator/terrain_robot_hardware/terrain_robot_hardware.srcs/constrs_1/new/pins.xdc:40]
Resolution: If [get_<value>] was used to populate the object, check to make sure this command returns at least one valid object.
WARNING: [Vivado 12-584] No ports matched 'arduino_cmd_tri_o[2]'. [/home/chethana/XILINX/New_IP_Accelerator/terrain_robot_hardware/terrain_robot_hardware.srcs/constrs_1/new/pins.xdc:41]
CRITICAL WARNING: [Common 17-55] 'set_property' expects at least one object. [/home/chethana/XILINX/New_IP_Accelerator/terrain_robot_hardware/terrain_robot_hardware.srcs/constrs_1/new/pins.xdc:41]
Resolution: If [get_<value>] was used to populate the object, check to make sure this command returns at least one valid object.
Finished Parsing XDC File [/home/chethana/XILINX/New_IP_Accelerator/terrain_robot_hardware/terrain_robot_hardware.srcs/constrs_1/new/pins.xdc]
Parsing XDC File [/home/chethana/XILINX/New_IP_Accelerator/terrain_robot_hardware/terrain_robot_hardware.gen/sources_1/bd/design_1/ip/design_1_axi_quad_spi_0_0/design_1_axi_quad_spi_0_0_clocks.xdc] for cell 'design_1_i/axi_quad_spi_0/U0'
INFO: [Timing 38-35] Done setting XDC timing constraints. [/home/chethana/XILINX/New_IP_Accelerator/terrain_robot_hardware/terrain_robot_hardware.gen/sources_1/bd/design_1/ip/design_1_axi_quad_spi_0_0/design_1_axi_quad_spi_0_0_clocks.xdc:50]
WARNING: [Vivado 12-1008] No clocks found for command 'get_clocks -of_objects [get_ports -scoped_to_current_instance s_axi_aclk]'. [/home/chethana/XILINX/New_IP_Accelerator/terrain_robot_hardware/terrain_robot_hardware.gen/sources_1/bd/design_1/ip/design_1_axi_quad_spi_0_0/design_1_axi_quad_spi_0_0_clocks.xdc:50]
Resolution: Verify the create_clock command was called to create the clock object before it is referenced.
INFO: [Vivado 12-626] No clocks found. Please use 'create_clock' or 'create_generated_clock' command to create clocks. [/home/chethana/XILINX/New_IP_Accelerator/terrain_robot_hardware/terrain_robot_hardware.gen/sources_1/bd/design_1/ip/design_1_axi_quad_spi_0_0/design_1_axi_quad_spi_0_0_clocks.xdc:50]
Finished Parsing XDC File [/home/chethana/XILINX/New_IP_Accelerator/terrain_robot_hardware/terrain_robot_hardware.gen/sources_1/bd/design_1/ip/design_1_axi_quad_spi_0_0/design_1_axi_quad_spi_0_0_clocks.xdc] for cell 'design_1_i/axi_quad_spi_0/U0'
WARNING: [XPM_CDC_GRAY: TCL-1000] The source and destination clocks are the same. 
     Instance: design_1_i/axi_quad_spi_0/U0/NO_DUAL_QUAD_MODE.QSPI_NORMAL/QSPI_LEGACY_MD_GEN.QSPI_CORE_INTERFACE_I/FIFO_EXISTS.RX_FIFO_II/gnuram_async_fifo.xpm_fifo_base_inst/gen_cdc_pntr.rd_pntr_cdc_inst 
  This will add unnecessary latency to the design. Please check the design for the following: 
 1) Manually instantiated XPM_CDC modules: Xilinx recommends that you remove these modules. 
 2) Xilinx IP that contains XPM_CDC modules: Verify the connections to the IP to determine whether you can safely ignore this message.
 [/tools/Xilinx/Vivado/2020.2/data/ip/xpm/xpm_cdc/tcl/xpm_cdc_gray.tcl:16]
WARNING: [XPM_CDC_GRAY: TCL-1000] The source and destination clocks are the same. 
     Instance: design_1_i/axi_quad_spi_0/U0/NO_DUAL_QUAD_MODE.QSPI_NORMAL/QSPI_LEGACY_MD_GEN.QSPI_CORE_INTERFACE_I/FIFO_EXISTS.TX_FIFO_II/xpm_fifo_instance.xpm_fifo_async_inst/gnuram_async_fifo.xpm_fifo_base_inst/gen_cdc_pntr.wr_pntr_cdc_inst 
  This will add unnecessary latency to the design. Please check the design for the following: 
 1) Manually instantiated XPM_CDC modules: Xilinx recommends that you remove these modules. 
 2) Xilinx IP that contains XPM_CDC modules: Verify the connections to the IP to determine whether you can safely ignore this message.
 [/tools/Xilinx/Vivado/2020.2/data/ip/xpm/xpm_cdc/tcl/xpm_cdc_gray.tcl:16]
WARNING: [XPM_CDC_GRAY: TCL-1000] The source and destination clocks are the same. 
     Instance: design_1_i/axi_quad_spi_0/U0/NO_DUAL_QUAD_MODE.QSPI_NORMAL/QSPI_LEGACY_MD_GEN.QSPI_CORE_INTERFACE_I/FIFO_EXISTS.TX_FIFO_II/xpm_fifo_instance.xpm_fifo_async_inst/gnuram_async_fifo.xpm_fifo_base_inst/gen_cdc_pntr.rd_pntr_cdc_inst 
  This will add unnecessary latency to the design. Please check the design for the following: 
 1) Manually instantiated XPM_CDC modules: Xilinx recommends that you remove these modules. 
 2) Xilinx IP that contains XPM_CDC modules: Verify the connections to the IP to determine whether you can safely ignore this message.
 [/tools/Xilinx/Vivado/2020.2/data/ip/xpm/xpm_cdc/tcl/xpm_cdc_gray.tcl:16]
WARNING: [XPM_CDC_GRAY: TCL-1000] The source and destination clocks are the same. 
     Instance: design_1_i/axi_quad_spi_0/U0/NO_DUAL_QUAD_MODE.QSPI_NORMAL/QSPI_LEGACY_MD_GEN.QSPI_CORE_INTERFACE_I/FIFO_EXISTS.RX_FIFO_II/gnuram_async_fifo.xpm_fifo_base_inst/gen_cdc_pntr.wr_pntr_cdc_inst 
  This will add unnecessary latency to the design. Please check the design for the following: 
 1) Manually instantiated XPM_CDC modules: Xilinx recommends that you remove these modules. 
 2) Xilinx IP that contains XPM_CDC modules: Verify the connections to the IP to determine whether you can safely ignore this message.
 [/tools/Xilinx/Vivado/2020.2/data/ip/xpm/xpm_cdc/tcl/xpm_cdc_gray.tcl:16]
WARNING: [XPM_CDC_GRAY: TCL-1000] The source and destination clocks are the same. 
     Instance: design_1_i/axi_quad_spi_0/U0/NO_DUAL_QUAD_MODE.QSPI_NORMAL/QSPI_LEGACY_MD_GEN.QSPI_CORE_INTERFACE_I/FIFO_EXISTS.RX_FIFO_II/gnuram_async_fifo.xpm_fifo_base_inst/gen_cdc_pntr.wr_pntr_cdc_dc_inst 
  This will add unnecessary latency to the design. Please check the design for the following: 
 1) Manually instantiated XPM_CDC modules: Xilinx recommends that you remove these modules. 
 2) Xilinx IP that contains XPM_CDC modules: Verify the connections to the IP to determine whether you can safely ignore this message.
 [/tools/Xilinx/Vivado/2020.2/data/ip/xpm/xpm_cdc/tcl/xpm_cdc_gray.tcl:16]
WARNING: [XPM_CDC_GRAY: TCL-1000] The source and destination clocks are the same. 
     Instance: design_1_i/axi_quad_spi_0/U0/NO_DUAL_QUAD_MODE.QSPI_NORMAL/QSPI_LEGACY_MD_GEN.QSPI_CORE_INTERFACE_I/FIFO_EXISTS.TX_FIFO_II/xpm_fifo_instance.xpm_fifo_async_inst/gnuram_async_fifo.xpm_fifo_base_inst/gen_cdc_pntr.wr_pntr_cdc_dc_inst 
  This will add unnecessary latency to the design. Please check the design for the following: 
 1) Manually instantiated XPM_CDC modules: Xilinx recommends that you remove these modules. 
 2) Xilinx IP that contains XPM_CDC modules: Verify the connections to the IP to determine whether you can safely ignore this message.
 [/tools/Xilinx/Vivado/2020.2/data/ip/xpm/xpm_cdc/tcl/xpm_cdc_gray.tcl:16]
WARNING: [XPM_CDC_GRAY: TCL-1000] The source and destination clocks are the same. 
     Instance: design_1_i/axi_quad_spi_0/U0/NO_DUAL_QUAD_MODE.QSPI_NORMAL/QSPI_LEGACY_MD_GEN.QSPI_CORE_INTERFACE_I/FIFO_EXISTS.RX_FIFO_II/gnuram_async_fifo.xpm_fifo_base_inst/gen_cdc_pntr.rd_pntr_cdc_dc_inst 
  This will add unnecessary latency to the design. Please check the design for the following: 
 1) Manually instantiated XPM_CDC modules: Xilinx recommends that you remove these modules. 
 2) Xilinx IP that contains XPM_CDC modules: Verify the connections to the IP to determine whether you can safely ignore this message.
 [/tools/Xilinx/Vivado/2020.2/data/ip/xpm/xpm_cdc/tcl/xpm_cdc_gray.tcl:16]
WARNING: [XPM_CDC_GRAY: TCL-1000] The source and destination clocks are the same. 
     Instance: design_1_i/axi_quad_spi_0/U0/NO_DUAL_QUAD_MODE.QSPI_NORMAL/QSPI_LEGACY_MD_GEN.QSPI_CORE_INTERFACE_I/FIFO_EXISTS.TX_FIFO_II/xpm_fifo_instance.xpm_fifo_async_inst/gnuram_async_fifo.xpm_fifo_base_inst/gen_cdc_pntr.rd_pntr_cdc_dc_inst 
  This will add unnecessary latency to the design. Please check the design for the following: 
 1) Manually instantiated XPM_CDC modules: Xilinx recommends that you remove these modules. 
 2) Xilinx IP that contains XPM_CDC modules: Verify the connections to the IP to determine whether you can safely ignore this message.
 [/tools/Xilinx/Vivado/2020.2/data/ip/xpm/xpm_cdc/tcl/xpm_cdc_gray.tcl:16]
INFO: [Project 1-1715] 3 XPM XDC files have been applied to the design.
INFO: [Opt 31-138] Pushed 0 inverter(s) to 0 load pin(s).
Netlist sorting complete. Time (s): cpu = 00:00:00.01 ; elapsed = 00:00:00 . Memory (MB): peak = 3014.555 ; gain = 0.000 ; free physical = 4035 ; free virtual = 13955
INFO: [Project 1-111] Unisim Transformation Summary:
  A total of 258 instances were transformed.
  CFGLUT5 => CFGLUT5 (SRL16E, SRLC32E): 172 instances
  RAM32M => RAM32M (RAMD32(x6), RAMS32(x2)): 6 instances
  RAM64M => RAM64M (RAMD64E(x4)): 72 instances
  RAM64X1D => RAM64X1D (RAMD64E(x2)): 8 instances

14 Infos, 15 Warnings, 6 Critical Warnings and 0 Errors encountered.
link_design completed successfully
link_design: Time (s): cpu = 00:00:12 ; elapsed = 00:00:14 . Memory (MB): peak = 3014.555 ; gain = 644.160 ; free physical = 4035 ; free virtual = 13955
INFO: [Common 17-600] The following parameters have non-default value.
tcl.collectionResultDisplayLimit
Command: opt_design -directive RuntimeOptimized
INFO: [Vivado_Tcl 4-136] Directive used for opt_design is: RuntimeOptimized
Attempting to get a license for feature 'Implementation' and/or device 'xc7z020'
INFO: [Common 17-349] Got license for feature 'Implementation' and/or device 'xc7z020'
Running DRC as a precondition to command opt_design

Starting DRC Task
INFO: [DRC 23-27] Running DRC with 8 threads
INFO: [Project 1-461] DRC finished with 0 Errors
INFO: [Project 1-462] Please refer to the DRC report (report_drc) for more information.

Time (s): cpu = 00:00:00.90 ; elapsed = 00:00:00.79 . Memory (MB): peak = 3014.555 ; gain = 0.000 ; free physical = 4011 ; free virtual = 13931

Starting Logic Optimization Task

Phase 1 Generate And Synthesize Debug Cores
INFO: [Chipscope 16-329] Generating Script for core instance : dbg_hub 
INFO: [IP_Flow 19-3806] Processing IP xilinx.com:ip:xsdbm:3.0 for cell dbg_hub_CV.
INFO: [Chipscope 16-469] Using cached IP synthesis design for IP xilinx.com:ip:xsdbm:3.0, cache-ID = 2ef2d2d9d943fafd.
Netlist sorting complete. Time (s): cpu = 00:00:00.01 ; elapsed = 00:00:00.02 . Memory (MB): peak = 3059.957 ; gain = 0.000 ; free physical = 3832 ; free virtual = 13777
Phase 1 Generate And Synthesize Debug Cores | Checksum: 1d19f167b

Time (s): cpu = 00:00:12 ; elapsed = 00:00:24 . Memory (MB): peak = 3059.957 ; gain = 45.402 ; free physical = 3832 ; free virtual = 13777

Phase 2 Retarget
INFO: [Opt 31-138] Pushed 4 inverter(s) to 13 load pin(s).
INFO: [Opt 31-49] Retargeted 0 cell(s).
Phase 2 Retarget | Checksum: 1c53e3291

Time (s): cpu = 00:00:13 ; elapsed = 00:00:24 . Memory (MB): peak = 3059.957 ; gain = 45.402 ; free physical = 3853 ; free virtual = 13798
INFO: [Opt 31-389] Phase Retarget created 23 cells and removed 101 cells
INFO: [Opt 31-1021] In phase Retarget, 63 netlist objects are constrained preventing optimization. Please run opt_design with -debug_log to get more detail. 

Phase 3 Constant propagation
INFO: [Opt 31-138] Pushed 0 inverter(s) to 0 load pin(s).
Phase 3 Constant propagation | Checksum: 2306b6762

Time (s): cpu = 00:00:13 ; elapsed = 00:00:24 . Memory (MB): peak = 3059.957 ; gain = 45.402 ; free physical = 3853 ; free virtual = 13798
INFO: [Opt 31-389] Phase Constant propagation created 0 cells and removed 16 cells
INFO: [Opt 31-1021] In phase Constant propagation, 48 netlist objects are constrained preventing optimization. Please run opt_design with -debug_log to get more detail. 

Phase 4 Sweep
Phase 4 Sweep | Checksum: 2217805e5

Time (s): cpu = 00:00:13 ; elapsed = 00:00:24 . Memory (MB): peak = 3059.957 ; gain = 45.402 ; free physical = 3853 ; free virtual = 13798
INFO: [Opt 31-389] Phase Sweep created 0 cells and removed 362 cells
INFO: [Opt 31-1021] In phase Sweep, 1277 netlist objects are constrained preventing optimization. Please run opt_design with -debug_log to get more detail. 

Phase 5 BUFG optimization
Phase 5 BUFG optimization | Checksum: 2217805e5

Time (s): cpu = 00:00:13 ; elapsed = 00:00:25 . Memory (MB): peak = 3059.957 ; gain = 45.402 ; free physical = 3850 ; free virtual = 13794
INFO: [Opt 31-662] Phase BUFG optimization created 0 cells of which 0 are BUFGs and removed 0 cells.

Phase 6 Shift Register Optimization
INFO: [Opt 31-1064] SRL Remap converted 0 SRLs to 0 registers and converted 0 registers of register chains to 0 SRLs
Phase 6 Shift Register Optimization | Checksum: 2217805e5

Time (s): cpu = 00:00:13 ; elapsed = 00:00:25 . Memory (MB): peak = 3059.957 ; gain = 45.402 ; free physical = 3850 ; free virtual = 13794
INFO: [Opt 31-389] Phase Shift Register Optimization created 0 cells and removed 0 cells

Phase 7 Post Processing Netlist
Phase 7 Post Processing Netlist | Checksum: 2217805e5

Time (s): cpu = 00:00:13 ; elapsed = 00:00:25 . Memory (MB): peak = 3059.957 ; gain = 45.402 ; free physical = 3850 ; free virtual = 13794
INFO: [Opt 31-389] Phase Post Processing Netlist created 0 cells and removed 0 cells
INFO: [Opt 31-1021] In phase Post Processing Netlist, 76 netlist objects are constrained preventing optimization. Please run opt_design with -debug_log to get more detail. 
Opt_design Change Summary
=========================


-------------------------------------------------------------------------------------------------------------------------
|  Phase                        |  #Cells created  |  #Cells Removed  |  #Constrained objects preventing optimizations  |
-------------------------------------------------------------------------------------------------------------------------
|  Retarget                     |              23  |             101  |                                             63  |
|  Constant propagation         |               0  |              16  |                                             48  |
|  Sweep                        |               0  |             362  |                                           1277  |
|  BUFG optimization            |               0  |               0  |                                              0  |
|  Shift Register Optimization  |               0  |               0  |                                              0  |
|  Post Processing Netlist      |               0  |               0  |                                             76  |
-------------------------------------------------------------------------------------------------------------------------



Starting Connectivity Check Task

Time (s): cpu = 00:00:00.02 ; elapsed = 00:00:00.02 . Memory (MB): peak = 3059.957 ; gain = 0.000 ; free physical = 3846 ; free virtual = 13790
Ending Logic Optimization Task | Checksum: f98b8eee

Time (s): cpu = 00:00:13 ; elapsed = 00:00:25 . Memory (MB): peak = 3059.957 ; gain = 45.402 ; free physical = 3846 ; free virtual = 13790
Parsing XDC File [/home/chethana/XILINX/New_IP_Accelerator/terrain_robot_hardware/terrain_robot_hardware.gen/sources_1/bd/design_1/ip/design_1_jtag_axi_0_0/constraints/design_1_jtag_axi_0_0_impl.xdc] from IP /home/chethana/XILINX/New_IP_Accelerator/terrain_robot_hardware/terrain_robot_hardware.srcs/sources_1/bd/design_1/ip/design_1_jtag_axi_0_0/design_1_jtag_axi_0_0.xci
Parsing XDC File [/home/chethana/XILINX/New_IP_Accelerator/terrain_robot_hardware/terrain_robot_hardware.gen/sources_1/bd/design_1/ip/design_1_jtag_axi_0_0/constraints/design_1_jtag_axi_0_0_impl.xdc] for cell 'design_1_i/jtag_axi_0/inst'
INFO: [Timing 38-35] Done setting XDC timing constraints. [/home/chethana/XILINX/New_IP_Accelerator/terrain_robot_hardware/terrain_robot_hardware.gen/sources_1/bd/design_1/ip/design_1_jtag_axi_0_0/constraints/design_1_jtag_axi_0_0_impl.xdc:69]
Finished Parsing XDC File [/home/chethana/XILINX/New_IP_Accelerator/terrain_robot_hardware/terrain_robot_hardware.gen/sources_1/bd/design_1/ip/design_1_jtag_axi_0_0/constraints/design_1_jtag_axi_0_0_impl.xdc] for cell 'design_1_i/jtag_axi_0/inst'

Starting Netlist Obfuscation Task
Netlist sorting complete. Time (s): cpu = 00:00:00.01 ; elapsed = 00:00:00 . Memory (MB): peak = 3062.926 ; gain = 0.000 ; free physical = 3834 ; free virtual = 13779
Ending Netlist Obfuscation Task | Checksum: f98b8eee

Time (s): cpu = 00:00:00.01 ; elapsed = 00:00:00 . Memory (MB): peak = 3062.926 ; gain = 0.000 ; free physical = 3834 ; free virtual = 13779
INFO: [Common 17-83] Releasing license: Implementation
42 Infos, 15 Warnings, 6 Critical Warnings and 0 Errors encountered.
opt_design completed successfully
opt_design: Time (s): cpu = 00:00:16 ; elapsed = 00:00:27 . Memory (MB): peak = 3062.926 ; gain = 48.371 ; free physical = 3834 ; free virtual = 13779
INFO: [Common 17-600] The following parameters have non-default value.
tcl.collectionResultDisplayLimit
INFO: [Timing 38-480] Writing timing data to binary archive.
Writing placer database...
Writing XDEF routing.
Writing XDEF routing logical nets.
Writing XDEF routing special nets.
Write XDEF Complete: Time (s): cpu = 00:00:00.06 ; elapsed = 00:00:00.01 . Memory (MB): peak = 3073.898 ; gain = 2.969 ; free physical = 3830 ; free virtual = 13777
INFO: [Common 17-1381] The checkpoint '/home/chethana/XILINX/New_IP_Accelerator/terrain_robot_hardware/terrain_robot_hardware.runs/impl_1/design_1_wrapper_opt.dcp' has been generated.
INFO: [runtcl-4] Executing : report_drc -file design_1_wrapper_drc_opted.rpt -pb design_1_wrapper_drc_opted.pb -rpx design_1_wrapper_drc_opted.rpx
Command: report_drc -file design_1_wrapper_drc_opted.rpt -pb design_1_wrapper_drc_opted.pb -rpx design_1_wrapper_drc_opted.rpx
INFO: [IP_Flow 19-1839] IP Catalog is up to date.
INFO: [DRC 23-27] Running DRC with 8 threads
INFO: [Coretcl 2-168] The results of DRC are in file /home/chethana/XILINX/New_IP_Accelerator/terrain_robot_hardware/terrain_robot_hardware.runs/impl_1/design_1_wrapper_drc_opted.rpt.
report_drc completed successfully
INFO: [Chipscope 16-240] Debug cores have already been implemented
Command: place_design -directive RuntimeOptimized
Attempting to get a license for feature 'Implementation' and/or device 'xc7z020'
INFO: [Common 17-349] Got license for feature 'Implementation' and/or device 'xc7z020'
INFO: [DRC 23-27] Running DRC with 8 threads
INFO: [Vivado_Tcl 4-198] DRC finished with 0 Errors
INFO: [Vivado_Tcl 4-199] Please refer to the DRC report (report_drc) for more information.
Running DRC as a precondition to command place_design
INFO: [DRC 23-27] Running DRC with 8 threads
INFO: [Vivado_Tcl 4-198] DRC finished with 0 Errors
INFO: [Vivado_Tcl 4-199] Please refer to the DRC report (report_drc) for more information.

Starting Placer Task
INFO: [Place 46-5] The placer was invoked with the 'RuntimeOptimized' directive.
INFO: [Place 30-611] Multithreading enabled for place_design using a maximum of 8 CPUs

Phase 1 Placer Initialization

Phase 1.1 Placer Initialization Netlist Sorting
Netlist sorting complete. Time (s): cpu = 00:00:00.01 ; elapsed = 00:00:00 . Memory (MB): peak = 3302.797 ; gain = 0.000 ; free physical = 3751 ; free virtual = 13703
Phase 1.1 Placer Initialization Netlist Sorting | Checksum: e8bc7b3f

Time (s): cpu = 00:00:00.01 ; elapsed = 00:00:00.01 . Memory (MB): peak = 3302.797 ; gain = 0.000 ; free physical = 3751 ; free virtual = 13703
Netlist sorting complete. Time (s): cpu = 00:00:00 ; elapsed = 00:00:00 . Memory (MB): peak = 3302.797 ; gain = 0.000 ; free physical = 3751 ; free virtual = 13703

Phase 1.2 IO Placement/ Clock Placement/ Build Placer Device
Phase 1.2 IO Placement/ Clock Placement/ Build Placer Device | Checksum: 60a9514c

Time (s): cpu = 00:00:00.99 ; elapsed = 00:00:00.53 . Memory (MB): peak = 3302.797 ; gain = 0.000 ; free physical = 3775 ; free virtual = 13728

Phase 1.3 Build Placer Netlist Model
Phase 1.3 Build Placer Netlist Model | Checksum: 1761aac77

Time (s): cpu = 00:00:04 ; elapsed = 00:00:02 . Memory (MB): peak = 3302.797 ; gain = 0.000 ; free physical = 3779 ; free virtual = 13731

Phase 1.4 Constrain Clocks/Macros
Phase 1.4 Constrain Clocks/Macros | Checksum: 1761aac77

Time (s): cpu = 00:00:04 ; elapsed = 00:00:02 . Memory (MB): peak = 3302.797 ; gain = 0.000 ; free physical = 3779 ; free virtual = 13731
Phase 1 Placer Initialization | Checksum: 1761aac77

Time (s): cpu = 00:00:04 ; elapsed = 00:00:02 . Memory (MB): peak = 3302.797 ; gain = 0.000 ; free physical = 3779 ; free virtual = 13731

Phase 2 Global Placement

Phase 2.1 Floorplanning
Phase 2.1 Floorplanning | Checksum: 1c50376f1

Time (s): cpu = 00:00:05 ; elapsed = 00:00:02 . Memory (MB): peak = 3302.797 ; gain = 0.000 ; free physical = 3746 ; free virtual = 13698

Phase 2.2 Update Timing before SLR Path Opt
Phase 2.2 Update Timing before SLR Path Opt | Checksum: 194287cef

Time (s): cpu = 00:00:06 ; elapsed = 00:00:03 . Memory (MB): peak = 3302.797 ; gain = 0.000 ; free physical = 3764 ; free virtual = 13716

Phase 2.3 Global Placement Core
Phase 2.3 Global Placement Core | Checksum: 138e5e946

Time (s): cpu = 00:00:20 ; elapsed = 00:00:08 . Memory (MB): peak = 3302.797 ; gain = 0.000 ; free physical = 3693 ; free virtual = 13644
Phase 2 Global Placement | Checksum: 138e5e946

Time (s): cpu = 00:00:20 ; elapsed = 00:00:08 . Memory (MB): peak = 3302.797 ; gain = 0.000 ; free physical = 3693 ; free virtual = 13644

Phase 3 Detail Placement

Phase 3.1 Commit Multi Column Macros
Phase 3.1 Commit Multi Column Macros | Checksum: 1dfa29ffb

Time (s): cpu = 00:00:21 ; elapsed = 00:00:08 . Memory (MB): peak = 3302.797 ; gain = 0.000 ; free physical = 3695 ; free virtual = 13646

Phase 3.2 Commit Most Macros & LUTRAMs
Phase 3.2 Commit Most Macros & LUTRAMs | Checksum: 23238e09b

Time (s): cpu = 00:00:23 ; elapsed = 00:00:09 . Memory (MB): peak = 3302.797 ; gain = 0.000 ; free physical = 3699 ; free virtual = 13651

Phase 3.3 Area Swap Optimization
Phase 3.3 Area Swap Optimization | Checksum: 2276a9241

Time (s): cpu = 00:00:23 ; elapsed = 00:00:09 . Memory (MB): peak = 3302.797 ; gain = 0.000 ; free physical = 3699 ; free virtual = 13651

Phase 3.4 Pipeline Register Optimization
Phase 3.4 Pipeline Register Optimization | Checksum: 22244caee

Time (s): cpu = 00:00:23 ; elapsed = 00:00:09 . Memory (MB): peak = 3302.797 ; gain = 0.000 ; free physical = 3699 ; free virtual = 13651

Phase 3.5 Small Shape Detail Placement
Phase 3.5 Small Shape Detail Placement | Checksum: 171bd196a

Time (s): cpu = 00:00:26 ; elapsed = 00:00:11 . Memory (MB): peak = 3302.797 ; gain = 0.000 ; free physical = 3703 ; free virtual = 13655

Phase 3.6 Re-assign LUT pins
Phase 3.6 Re-assign LUT pins | Checksum: 177b5039f

Time (s): cpu = 00:00:26 ; elapsed = 00:00:12 . Memory (MB): peak = 3302.797 ; gain = 0.000 ; free physical = 3703 ; free virtual = 13655

Phase 3.7 Pipeline Register Optimization
Phase 3.7 Pipeline Register Optimization | Checksum: 14d6c836d

Time (s): cpu = 00:00:26 ; elapsed = 00:00:12 . Memory (MB): peak = 3302.797 ; gain = 0.000 ; free physical = 3704 ; free virtual = 13655
Phase 3 Detail Placement | Checksum: 14d6c836d

Time (s): cpu = 00:00:27 ; elapsed = 00:00:12 . Memory (MB): peak = 3302.797 ; gain = 0.000 ; free physical = 3706 ; free virtual = 13657

Phase 4 Post Placement Optimization and Clean-Up

Phase 4.1 Post Commit Optimization
INFO: [Timing 38-35] Done setting XDC timing constraints.

Phase 4.1.1 Post Placement Optimization
Post Placement Optimization Initialization | Checksum: 7ab24737

Phase 4.1.1.1 BUFG Insertion

Starting Physical Synthesis Task

Phase 1 Physical Synthesis Initialization
INFO: [Physopt 32-721] Multithreading enabled for phys_opt_design using a maximum of 8 CPUs
INFO: [Physopt 32-619] Estimated Timing Summary | WNS=1.963 | TNS=0.000 |
Phase 1 Physical Synthesis Initialization | Checksum: 693fe9c4

Time (s): cpu = 00:00:00.91 ; elapsed = 00:00:00.24 . Memory (MB): peak = 3302.797 ; gain = 0.000 ; free physical = 3703 ; free virtual = 13657
INFO: [Place 46-56] BUFG insertion identified 0 candidate nets. Inserted BUFG: 0, Replicated BUFG Driver: 0, Skipped due to Placement/Routing Conflicts: 0, Skipped due to Timing Degradation: 0, Skipped due to Illegal Netlist: 0.
Ending Physical Synthesis Task | Checksum: 796ca707

Time (s): cpu = 00:00:00.93 ; elapsed = 00:00:00.27 . Memory (MB): peak = 3302.797 ; gain = 0.000 ; free physical = 3703 ; free virtual = 13654
Phase 4.1.1.1 BUFG Insertion | Checksum: 7ab24737

Time (s): cpu = 00:00:31 ; elapsed = 00:00:14 . Memory (MB): peak = 3302.797 ; gain = 0.000 ; free physical = 3703 ; free virtual = 13656
INFO: [Place 30-746] Post Placement Timing Summary WNS=1.963. For the most accurate timing information please run report_timing.

Time (s): cpu = 00:00:31 ; elapsed = 00:00:14 . Memory (MB): peak = 3302.797 ; gain = 0.000 ; free physical = 3703 ; free virtual = 13656
Phase 4.1 Post Commit Optimization | Checksum: 8ba7aa30

Time (s): cpu = 00:00:31 ; elapsed = 00:00:14 . Memory (MB): peak = 3302.797 ; gain = 0.000 ; free physical = 3703 ; free virtual = 13656

Phase 4.2 Post Placement Cleanup
Phase 4.2 Post Placement Cleanup | Checksum: 8ba7aa30

Time (s): cpu = 00:00:32 ; elapsed = 00:00:14 . Memory (MB): peak = 3302.797 ; gain = 0.000 ; free physical = 3703 ; free virtual = 13656

Phase 4.3 Placer Reporting

Phase 4.3.1 Print Estimated Congestion
INFO: [Place 30-612] Post-Placement Estimated Congestion 
 ____________________________________________________
|           | Global Congestion | Short Congestion  |
| Direction | Region Size       | Region Size       |
|___________|___________________|___________________|
|      North|                1x1|                1x1|
|___________|___________________|___________________|
|      South|                1x1|                1x1|
|___________|___________________|___________________|
|       East|                1x1|                1x1|
|___________|___________________|___________________|
|       West|                1x1|                1x1|
|___________|___________________|___________________|

Phase 4.3.1 Print Estimated Congestion | Checksum: 8ba7aa30

Time (s): cpu = 00:00:32 ; elapsed = 00:00:14 . Memory (MB): peak = 3302.797 ; gain = 0.000 ; free physical = 3703 ; free virtual = 13656
Phase 4.3 Placer Reporting | Checksum: 8ba7aa30

Time (s): cpu = 00:00:32 ; elapsed = 00:00:14 . Memory (MB): peak = 3302.797 ; gain = 0.000 ; free physical = 3703 ; free virtual = 13656

Phase 4.4 Final Placement Cleanup
Netlist sorting complete. Time (s): cpu = 00:00:00 ; elapsed = 00:00:00 . Memory (MB): peak = 3302.797 ; gain = 0.000 ; free physical = 3703 ; free virtual = 13656

Time (s): cpu = 00:00:32 ; elapsed = 00:00:14 . Memory (MB): peak = 3302.797 ; gain = 0.000 ; free physical = 3703 ; free virtual = 13656
Phase 4 Post Placement Optimization and Clean-Up | Checksum: a3cca1eb

Time (s): cpu = 00:00:32 ; elapsed = 00:00:14 . Memory (MB): peak = 3302.797 ; gain = 0.000 ; free physical = 3703 ; free virtual = 13656
Ending Placer Task | Checksum: 80c28b13

Time (s): cpu = 00:00:32 ; elapsed = 00:00:14 . Memory (MB): peak = 3302.797 ; gain = 0.000 ; free physical = 3703 ; free virtual = 13657
INFO: [Common 17-83] Releasing license: Implementation
66 Infos, 15 Warnings, 6 Critical Warnings and 0 Errors encountered.
place_design completed successfully
place_design: Time (s): cpu = 00:00:34 ; elapsed = 00:00:15 . Memory (MB): peak = 3302.797 ; gain = 0.000 ; free physical = 3714 ; free virtual = 13667
INFO: [Timing 38-480] Writing timing data to binary archive.
Writing placer database...
Writing XDEF routing.
Writing XDEF routing logical nets.
Writing XDEF routing special nets.
Write XDEF Complete: Time (s): cpu = 00:00:02 ; elapsed = 00:00:00.57 . Memory (MB): peak = 3302.797 ; gain = 0.000 ; free physical = 3671 ; free virtual = 13653
INFO: [Common 17-1381] The checkpoint '/home/chethana/XILINX/New_IP_Accelerator/terrain_robot_hardware/terrain_robot_hardware.runs/impl_1/design_1_wrapper_placed.dcp' has been generated.
INFO: [runtcl-4] Executing : report_io -file design_1_wrapper_io_placed.rpt
report_io: Time (s): cpu = 00:00:00.04 ; elapsed = 00:00:00.12 . Memory (MB): peak = 3302.797 ; gain = 0.000 ; free physical = 3696 ; free virtual = 13654
INFO: [runtcl-4] Executing : report_utilization -file design_1_wrapper_utilization_placed.rpt -pb design_1_wrapper_utilization_placed.pb
INFO: [runtcl-4] Executing : report_control_sets -verbose -file design_1_wrapper_control_sets_placed.rpt
report_control_sets: Time (s): cpu = 00:00:00.05 ; elapsed = 00:00:00.11 . Memory (MB): peak = 3302.797 ; gain = 0.000 ; free physical = 3689 ; free virtual = 13647
Command: route_design -directive RuntimeOptimized
Attempting to get a license for feature 'Implementation' and/or device 'xc7z020'
INFO: [Common 17-349] Got license for feature 'Implementation' and/or device 'xc7z020'
Running DRC as a precondition to command route_design
INFO: [DRC 23-27] Running DRC with 8 threads
INFO: [Vivado_Tcl 4-198] DRC finished with 0 Errors
INFO: [Vivado_Tcl 4-199] Please refer to the DRC report (report_drc) for more information.


Starting Routing Task
INFO: [Route 35-270] Using Router directive 'RuntimeOptimized'.
INFO: [Route 35-254] Multithreading enabled for route_design using a maximum of 8 CPUs
Checksum: PlaceDB: 22417122 ConstDB: 0 ShapeSum: 5e8119f1 RouteDB: 0

Phase 1 Build RT Design
Phase 1 Build RT Design | Checksum: d2bd6580

Time (s): cpu = 00:00:12 ; elapsed = 00:00:08 . Memory (MB): peak = 3364.094 ; gain = 0.000 ; free physical = 3541 ; free virtual = 13499
Post Restoration Checksum: NetGraph: 31c278c NumContArr: cfa13df4 Constraints: 0 Timing: 0

Phase 2 Router Initialization

Phase 2.1 Create Timer
Phase 2.1 Create Timer | Checksum: d2bd6580

Time (s): cpu = 00:00:12 ; elapsed = 00:00:08 . Memory (MB): peak = 3364.094 ; gain = 0.000 ; free physical = 3558 ; free virtual = 13516

Phase 2.2 Fix Topology Constraints
Phase 2.2 Fix Topology Constraints | Checksum: d2bd6580

Time (s): cpu = 00:00:12 ; elapsed = 00:00:08 . Memory (MB): peak = 3370.082 ; gain = 5.988 ; free physical = 3527 ; free virtual = 13485

Phase 2.3 Pre Route Cleanup
Phase 2.3 Pre Route Cleanup | Checksum: d2bd6580

Time (s): cpu = 00:00:12 ; elapsed = 00:00:08 . Memory (MB): peak = 3370.082 ; gain = 5.988 ; free physical = 3527 ; free virtual = 13485
 Number of Nodes with overlaps = 0

Phase 2.4 Update Timing
Phase 2.4 Update Timing | Checksum: 1a16eaae2

Time (s): cpu = 00:00:17 ; elapsed = 00:00:10 . Memory (MB): peak = 3408.965 ; gain = 44.871 ; free physical = 3497 ; free virtual = 13455
INFO: [Route 35-416] Intermediate Timing Summary | WNS=2.238  | TNS=0.000  | WHS=-0.382 | THS=-716.699|


Phase 2.5 Update Timing for Bus Skew

Phase 2.5.1 Update Timing
Phase 2.5.1 Update Timing | Checksum: 13521481b

Time (s): cpu = 00:00:20 ; elapsed = 00:00:11 . Memory (MB): peak = 3408.965 ; gain = 44.871 ; free physical = 3479 ; free virtual = 13438
INFO: [Route 35-416] Intermediate Timing Summary | WNS=2.238  | TNS=0.000  | WHS=N/A    | THS=N/A    |

Phase 2.5 Update Timing for Bus Skew | Checksum: 16c7cdf9c

Time (s): cpu = 00:00:20 ; elapsed = 00:00:11 . Memory (MB): peak = 3424.965 ; gain = 60.871 ; free physical = 3478 ; free virtual = 13438
Phase 2 Router Initialization | Checksum: 2069915ca

Time (s): cpu = 00:00:21 ; elapsed = 00:00:11 . Memory (MB): peak = 3424.965 ; gain = 60.871 ; free physical = 3478 ; free virtual = 13438

Router Utilization Summary
  Global Vertical Routing Utilization    = 0 %
  Global Horizontal Routing Utilization  = 0 %
  Routable Net Status*
  *Does not include unroutable nets such as driverless and loadless.
  Run report_route_status for detailed report.
  Number of Failed Nets               = 17383
    (Failed Nets is the sum of unrouted and partially routed nets)
  Number of Unrouted Nets             = 17383
  Number of Partially Routed Nets     = 0
  Number of Node Overlaps             = 0


Phase 3 Initial Routing

Phase 3.1 Global Routing
Phase 3.1 Global Routing | Checksum: 2069915ca

Time (s): cpu = 00:00:21 ; elapsed = 00:00:11 . Memory (MB): peak = 3424.965 ; gain = 60.871 ; free physical = 3478 ; free virtual = 13438
Phase 3 Initial Routing | Checksum: 212cc7171

Time (s): cpu = 00:00:26 ; elapsed = 00:00:12 . Memory (MB): peak = 3436.965 ; gain = 72.871 ; free physical = 3451 ; free virtual = 13411

Phase 4 Rip-up And Reroute

Phase 4.1 Global Iteration 0
 Number of Nodes with overlaps = 1256
 Number of Nodes with overlaps = 66
 Number of Nodes with overlaps = 9
 Number of Nodes with overlaps = 2
 Number of Nodes with overlaps = 1
 Number of Nodes with overlaps = 1
 Number of Nodes with overlaps = 0
INFO: [Route 35-416] Intermediate Timing Summary | WNS=1.879  | TNS=0.000  | WHS=N/A    | THS=N/A    |

Phase 4.1 Global Iteration 0 | Checksum: 7a6c79eb

Time (s): cpu = 00:00:34 ; elapsed = 00:00:17 . Memory (MB): peak = 3436.965 ; gain = 72.871 ; free physical = 3457 ; free virtual = 13417
Phase 4 Rip-up And Reroute | Checksum: 7a6c79eb

Time (s): cpu = 00:00:34 ; elapsed = 00:00:17 . Memory (MB): peak = 3436.965 ; gain = 72.871 ; free physical = 3460 ; free virtual = 13418

Phase 5 Delay and Skew Optimization

Phase 5.1 Delay CleanUp
Phase 5.1 Delay CleanUp | Checksum: 7a6c79eb

Time (s): cpu = 00:00:34 ; elapsed = 00:00:17 . Memory (MB): peak = 3436.965 ; gain = 72.871 ; free physical = 3460 ; free virtual = 13418

Phase 5.2 Clock Skew Optimization
Phase 5.2 Clock Skew Optimization | Checksum: 7a6c79eb

Time (s): cpu = 00:00:34 ; elapsed = 00:00:17 . Memory (MB): peak = 3436.965 ; gain = 72.871 ; free physical = 3460 ; free virtual = 13418
Phase 5 Delay and Skew Optimization | Checksum: 7a6c79eb

Time (s): cpu = 00:00:34 ; elapsed = 00:00:17 . Memory (MB): peak = 3436.965 ; gain = 72.871 ; free physical = 3460 ; free virtual = 13418

Phase 6 Post Hold Fix

Phase 6.1 Hold Fix Iter

Phase 6.1.1 Update Timing
Phase 6.1.1 Update Timing | Checksum: 603cfc62

Time (s): cpu = 00:00:35 ; elapsed = 00:00:17 . Memory (MB): peak = 3436.965 ; gain = 72.871 ; free physical = 3468 ; free virtual = 13426
INFO: [Route 35-416] Intermediate Timing Summary | WNS=1.891  | TNS=0.000  | WHS=0.048  | THS=0.000  |

Phase 6.1 Hold Fix Iter | Checksum: f946d0d8

Time (s): cpu = 00:00:35 ; elapsed = 00:00:17 . Memory (MB): peak = 3436.965 ; gain = 72.871 ; free physical = 3468 ; free virtual = 13426
Phase 6 Post Hold Fix | Checksum: f946d0d8

Time (s): cpu = 00:00:35 ; elapsed = 00:00:17 . Memory (MB): peak = 3436.965 ; gain = 72.871 ; free physical = 3468 ; free virtual = 13426

Phase 7 Route finalize

Router Utilization Summary
  Global Vertical Routing Utilization    = 3.34721 %
  Global Horizontal Routing Utilization  = 4.19261 %
  Routable Net Status*
  *Does not include unroutable nets such as driverless and loadless.
  Run report_route_status for detailed report.
  Number of Failed Nets               = 0
    (Failed Nets is the sum of unrouted and partially routed nets)
  Number of Unrouted Nets             = 0
  Number of Partially Routed Nets     = 0
  Number of Node Overlaps             = 0

Phase 7 Route finalize | Checksum: de07c460

Time (s): cpu = 00:00:36 ; elapsed = 00:00:18 . Memory (MB): peak = 3436.965 ; gain = 72.871 ; free physical = 3468 ; free virtual = 13426

Phase 8 Verifying routed nets

 Verification completed successfully
Phase 8 Verifying routed nets | Checksum: de07c460

Time (s): cpu = 00:00:36 ; elapsed = 00:00:18 . Memory (MB): peak = 3436.965 ; gain = 72.871 ; free physical = 3468 ; free virtual = 13426

Phase 9 Depositing Routes
Phase 9 Depositing Routes | Checksum: e33207fa

Time (s): cpu = 00:00:36 ; elapsed = 00:00:18 . Memory (MB): peak = 3468.980 ; gain = 104.887 ; free physical = 3478 ; free virtual = 13436

Phase 10 Post Router Timing
INFO: [Route 35-57] Estimated Timing Summary | WNS=1.891  | TNS=0.000  | WHS=0.048  | THS=0.000  |

INFO: [Route 35-327] The final timing numbers are based on the router estimated timing analysis. For a complete and accurate timing signoff, please run report_timing_summary.
Phase 10 Post Router Timing | Checksum: e33207fa

Time (s): cpu = 00:00:36 ; elapsed = 00:00:18 . Memory (MB): peak = 3468.980 ; gain = 104.887 ; free physical = 3481 ; free virtual = 13439
INFO: [Route 35-16] Router Completed Successfully

Time (s): cpu = 00:00:37 ; elapsed = 00:00:18 . Memory (MB): peak = 3468.980 ; gain = 104.887 ; free physical = 3527 ; free virtual = 13485

Routing Is Done.
INFO: [Common 17-83] Releasing license: Implementation
85 Infos, 15 Warnings, 6 Critical Warnings and 0 Errors encountered.
route_design completed successfully
route_design: Time (s): cpu = 00:00:41 ; elapsed = 00:00:20 . Memory (MB): peak = 3468.980 ; gain = 166.184 ; free physical = 3527 ; free virtual = 13485
INFO: [Timing 38-480] Writing timing data to binary archive.
Writing placer database...
Writing XDEF routing.
Writing XDEF routing logical nets.
Writing XDEF routing special nets.
Write XDEF Complete: Time (s): cpu = 00:00:02 ; elapsed = 00:00:00.66 . Memory (MB): peak = 3468.980 ; gain = 0.000 ; free physical = 3502 ; free virtual = 13495
INFO: [Common 17-1381] The checkpoint '/home/chethana/XILINX/New_IP_Accelerator/terrain_robot_hardware/terrain_robot_hardware.runs/impl_1/design_1_wrapper_routed.dcp' has been generated.
INFO: [runtcl-4] Executing : report_drc -file design_1_wrapper_drc_routed.rpt -pb design_1_wrapper_drc_routed.pb -rpx design_1_wrapper_drc_routed.rpx
Command: report_drc -file design_1_wrapper_drc_routed.rpt -pb design_1_wrapper_drc_routed.pb -rpx design_1_wrapper_drc_routed.rpx
INFO: [IP_Flow 19-1839] IP Catalog is up to date.
INFO: [DRC 23-27] Running DRC with 8 threads
INFO: [Coretcl 2-168] The results of DRC are in file /home/chethana/XILINX/New_IP_Accelerator/terrain_robot_hardware/terrain_robot_hardware.runs/impl_1/design_1_wrapper_drc_routed.rpt.
report_drc completed successfully
INFO: [runtcl-4] Executing : report_methodology -file design_1_wrapper_methodology_drc_routed.rpt -pb design_1_wrapper_methodology_drc_routed.pb -rpx design_1_wrapper_methodology_drc_routed.rpx
Command: report_methodology -file design_1_wrapper_methodology_drc_routed.rpt -pb design_1_wrapper_methodology_drc_routed.pb -rpx design_1_wrapper_methodology_drc_routed.rpx
INFO: [Timing 38-35] Done setting XDC timing constraints.
INFO: [DRC 23-133] Running Methodology with 8 threads
INFO: [Coretcl 2-1520] The results of Report Methodology are in file /home/chethana/XILINX/New_IP_Accelerator/terrain_robot_hardware/terrain_robot_hardware.runs/impl_1/design_1_wrapper_methodology_drc_routed.rpt.
report_methodology completed successfully
INFO: [runtcl-4] Executing : report_power -file design_1_wrapper_power_routed.rpt -pb design_1_wrapper_power_summary_routed.pb -rpx design_1_wrapper_power_routed.rpx
Command: report_power -file design_1_wrapper_power_routed.rpt -pb design_1_wrapper_power_summary_routed.pb -rpx design_1_wrapper_power_routed.rpx
INFO: [Timing 38-35] Done setting XDC timing constraints.
Running Vector-less Activity Propagation...

Finished Running Vector-less Activity Propagation
97 Infos, 15 Warnings, 6 Critical Warnings and 0 Errors encountered.
report_power completed successfully
INFO: [runtcl-4] Executing : report_route_status -file design_1_wrapper_route_status.rpt -pb design_1_wrapper_route_status.pb
INFO: [runtcl-4] Executing : report_timing_summary -max_paths 10 -file design_1_wrapper_timing_summary_routed.rpt -pb design_1_wrapper_timing_summary_routed.pb -rpx design_1_wrapper_timing_summary_routed.rpx -warn_on_violation 
INFO: [Timing 38-91] UpdateTimingParams: Speed grade: -2, Delay Type: min_max.
INFO: [Timing 38-191] Multithreading enabled for timing update using a maximum of 8 CPUs
WARNING: [Timing 38-436] There are set_bus_skew constraint(s) in this design. Please run report_bus_skew to ensure that bus skew requirements are met.
INFO: [runtcl-4] Executing : report_incremental_reuse -file design_1_wrapper_incremental_reuse_routed.rpt
INFO: [Vivado_Tcl 4-1062] Incremental flow is disabled. No incremental reuse Info to report.
INFO: [runtcl-4] Executing : report_clock_utilization -file design_1_wrapper_clock_utilization_routed.rpt
INFO: [runtcl-4] Executing : report_bus_skew -warn_on_violation -file design_1_wrapper_bus_skew_routed.rpt -pb design_1_wrapper_bus_skew_routed.pb -rpx design_1_wrapper_bus_skew_routed.rpx
INFO: [Timing 38-91] UpdateTimingParams: Speed grade: -2, Delay Type: min_max.
INFO: [Timing 38-191] Multithreading enabled for timing update using a maximum of 8 CPUs
INFO: [Memdata 28-167] Found XPM memory block design_1_i/axi_quad_spi_0/U0/NO_DUAL_QUAD_MODE.QSPI_NORMAL/QSPI_LEGACY_MD_GEN.QSPI_CORE_INTERFACE_I/FIFO_EXISTS.TX_FIFO_II/xpm_fifo_instance.xpm_fifo_async_inst/gnuram_async_fifo.xpm_fifo_base_inst/gen_sdpram.xpm_memory_base_inst with a P_MEMORY_PRIMITIVE property set to auto. A value of block is required. You will not be able to use the updatemem program to update the bitstream with new data for the design_1_i/axi_quad_spi_0/U0/NO_DUAL_QUAD_MODE.QSPI_NORMAL/QSPI_LEGACY_MD_GEN.QSPI_CORE_INTERFACE_I/FIFO_EXISTS.TX_FIFO_II/xpm_fifo_instance.xpm_fifo_async_inst/gnuram_async_fifo.xpm_fifo_base_inst/gen_sdpram.xpm_memory_base_inst block.
INFO: [Memdata 28-167] Found XPM memory block design_1_i/axi_quad_spi_0/U0/NO_DUAL_QUAD_MODE.QSPI_NORMAL/QSPI_LEGACY_MD_GEN.QSPI_CORE_INTERFACE_I/FIFO_EXISTS.RX_FIFO_II/gnuram_async_fifo.xpm_fifo_base_inst/gen_sdpram.xpm_memory_base_inst with a P_MEMORY_PRIMITIVE property set to auto. A value of block is required. You will not be able to use the updatemem program to update the bitstream with new data for the design_1_i/axi_quad_spi_0/U0/NO_DUAL_QUAD_MODE.QSPI_NORMAL/QSPI_LEGACY_MD_GEN.QSPI_CORE_INTERFACE_I/FIFO_EXISTS.RX_FIFO_II/gnuram_async_fifo.xpm_fifo_base_inst/gen_sdpram.xpm_memory_base_inst block.
Command: write_bitstream -force design_1_wrapper.bit
Attempting to get a license for feature 'Implementation' and/or device 'xc7z020'
INFO: [Common 17-349] Got license for feature 'Implementation' and/or device 'xc7z020'
Running DRC as a precondition to command write_bitstream
INFO: [IP_Flow 19-1839] IP Catalog is up to date.
INFO: [DRC 23-27] Running DRC with 8 threads
WARNING: [DRC DPIP-1] Input pipelining: DSP design_1_i/terrain_classifier_v2_0/inst/mac_muladd_16s_16s_32ns_32_4_1_U3/terrain_classifier_v2_mac_muladd_16s_16s_32ns_32_4_1_DSP48_0_U/p_reg_reg input design_1_i/terrain_classifier_v2_0/inst/mac_muladd_16s_16s_32ns_32_4_1_U3/terrain_classifier_v2_mac_muladd_16s_16s_32ns_32_4_1_DSP48_0_U/p_reg_reg/C[47:0] is not pipelined. Pipelining DSP48 input will improve performance.
WARNING: [DRC DPIP-1] Input pipelining: DSP design_1_i/terrain_classifier_v2_0/inst/mac_muladd_16s_16s_32ns_32_4_1_U4/terrain_classifier_v2_mac_muladd_16s_16s_32ns_32_4_1_DSP48_0_U/p_reg_reg input design_1_i/terrain_classifier_v2_0/inst/mac_muladd_16s_16s_32ns_32_4_1_U4/terrain_classifier_v2_mac_muladd_16s_16s_32ns_32_4_1_DSP48_0_U/p_reg_reg/C[47:0] is not pipelined. Pipelining DSP48 input will improve performance.
WARNING: [DRC DPIP-1] Input pipelining: DSP design_1_i/terrain_classifier_v2_0/inst/mac_muladd_16s_16s_32ns_32_4_1_U5/terrain_classifier_v2_mac_muladd_16s_16s_32ns_32_4_1_DSP48_0_U/p_reg_reg input design_1_i/terrain_classifier_v2_0/inst/mac_muladd_16s_16s_32ns_32_4_1_U5/terrain_classifier_v2_mac_muladd_16s_16s_32ns_32_4_1_DSP48_0_U/p_reg_reg/C[47:0] is not pipelined. Pipelining DSP48 input will improve performance.
WARNING: [DRC DPIP-1] Input pipelining: DSP design_1_i/terrain_classifier_v2_0/inst/mac_muladd_16s_16s_32ns_32_4_1_U6/terrain_classifier_v2_mac_muladd_16s_16s_32ns_32_4_1_DSP48_0_U/p_reg_reg input design_1_i/terrain_classifier_v2_0/inst/mac_muladd_16s_16s_32ns_32_4_1_U6/terrain_classifier_v2_mac_muladd_16s_16s_32ns_32_4_1_DSP48_0_U/p_reg_reg/C[47:0] is not pipelined. Pipelining DSP48 input will improve performance.
WARNING: [DRC RTSTAT-10] No routable loads: 39 net(s) have no routable loads. The problem bus(es) and/or net(s) are design_1_i/jtag_axi_0/inst/jtag_axi_engine_u/rx_fifo_i/inst_fifo_gen/gconvfifo.rf/grf.rf/gntv_or_sync_fifo.gl0.rd/gr1.gr1_int.rfwft/aempty_fwft_i, design_1_i/jtag_axi_0/inst/jtag_axi_engine_u/wr_cmd_fifo_i/inst_fifo_gen/gconvfifo.rf/grf.rf/gntv_or_sync_fifo.gl0.rd/gr1.gr1_int.rfwft/aempty_fwft_i, design_1_i/jtag_axi_0/inst/jtag_axi_engine_u/rd_cmd_fifo_i/inst_fifo_gen/gconvfifo.rf/grf.rf/gntv_or_sync_fifo.gl0.rd/gr1.gr1_int.rfwft/aempty_fwft_i, design_1_i/jtag_axi_0/inst/jtag_axi_engine_u/tx_fifo_i/inst_fifo_gen/gconvfifo.rf/grf.rf/gntv_or_sync_fifo.gl0.rd/gr1.gr1_int.rfwft/aempty_fwft_i, dbg_hub/inst/BSCANID.u_xsdbm_id/CORE_XSDB.UUT_MASTER/U_ICON_INTERFACE/U_CMD6_RD/U_RD_FIFO/SUBCORE_FIFO.xsdbm_v3_0_0_rdfifo_inst/inst_fifo_gen/gconvfifo.rf/grf.rf/gntv_or_sync_fifo.gl0.rd/gr1.gr1_int.rfwft/aempty_fwft_i, dbg_hub/inst/BSCANID.u_xsdbm_id/CORE_XSDB.UUT_MASTER/U_ICON_INTERFACE/U_CMD7_CTL/ctl_reg[2:0], dbg_hub/inst/BSCANID.u_xsdbm_id/CORE_XSDB.UUT_MASTER/U_ICON_INTERFACE/U_CMD1/ctl_reg_en_2[1], dbg_hub/inst/BSCANID.u_xsdbm_id/CORE_XSDB.UUT_MASTER/U_ICON_INTERFACE/U_CMD7_CTL/ctl_reg_en_2[1], design_1_i/jtag_axi_0/inst/jtag_axi_engine_u/tx_fifo_i/inst_fifo_gen/gconvfifo.rf/grf.rf/gntv_or_sync_fifo.gl0.rd/gr1.gr1_int.rfwft/empty_fwft_i, design_1_i/jtag_axi_0/inst/jtag_axi_engine_u/rd_cmd_fifo_i/inst_fifo_gen/gconvfifo.rf/grf.rf/gntv_or_sync_fifo.gl0.rd/gr1.gr1_int.rfwft/empty_fwft_i, design_1_i/jtag_axi_0/inst/jtag_axi_engine_u/rx_fifo_i/inst_fifo_gen/gconvfifo.rf/grf.rf/gntv_or_sync_fifo.gl0.rd/gr1.gr1_int.rfwft/empty_fwft_i, design_1_i/jtag_axi_0/inst/jtag_axi_engine_u/wr_cmd_fifo_i/inst_fifo_gen/gconvfifo.rf/grf.rf/gntv_or_sync_fifo.gl0.rd/gr1.gr1_int.rfwft/empty_fwft_i, dbg_hub/inst/BSCANID.u_xsdbm_id/SWITCH_N_EXT_BSCAN.bscan_switch/m_bscan_capture[0], dbg_hub/inst/BSCANID.u_xsdbm_id/SWITCH_N_EXT_BSCAN.bscan_switch/m_bscan_drck[0], dbg_hub/inst/BSCANID.u_xsdbm_id/SWITCH_N_EXT_BSCAN.bscan_switch/m_bscan_runtest[0]... and (the first 15 of 37 listed).
INFO: [DRC REQP-165] writefirst: Synchronous clocking is detected for BRAM (design_1_i/jtag_axi_0/inst/jtag_axi_engine_u/rx_fifo_i/inst_fifo_gen/gconvfifo.rf/grf.rf/gntv_or_sync_fifo.mem/gbm.gbmg.gbmga.ngecc.bmg/inst_blk_mem_gen/gnbram.gnativebmg.native_blk_mem_gen/valid.cstr/ramloop[0].ram.r/prim_noinit.ram/DEVICE_7SERIES.NO_BMM_INFO.SDP.WIDE_PRIM18.ram) in SDP mode with WRITE_FIRST write-mode. This is the preferred mode for best power characteristics, however it may exhibit address collisions if the same address appears on both read and write ports resulting in unknown or corrupted read data. It is suggested to confirm via simulation that an address collision never occurs and if so it is suggested to try and avoid this situation. If address collisions cannot be avoided, the write-mode may be set to READ_FIRST which guarantees that the read data is the prior contents of the memory at the cost of additional power in the design. See the FPGA Memory Resources User Guide for additional information.
INFO: [DRC REQP-181] writefirst: Synchronous clocking is detected for BRAM (design_1_i/jtag_axi_0/inst/jtag_axi_engine_u/rd_cmd_fifo_i/inst_fifo_gen/gconvfifo.rf/grf.rf/gntv_or_sync_fifo.mem/gbm.gbmg.gbmga.ngecc.bmg/inst_blk_mem_gen/gnbram.gnativebmg.native_blk_mem_gen/valid.cstr/ramloop[0].ram.r/prim_noinit.ram/DEVICE_7SERIES.NO_BMM_INFO.SDP.WIDE_PRIM36_NO_ECC.ram) in SDP mode with WRITE_FIRST write-mode. This is the preferred mode for best power characteristics, however it may exhibit address collisions if the same address appears on both read and write ports resulting in unknown or corrupted read data. It is suggested to confirm via simulation that an address collision never occurs and if so it is suggested to try and avoid this situation. If address collisions cannot be avoided, the write-mode may be set to READ_FIRST which guarantees that the read data is the prior contents of the memory at the cost of additional power in the design. See the FPGA Memory Resources User Guide for additional information.
INFO: [DRC REQP-181] writefirst: Synchronous clocking is detected for BRAM (design_1_i/jtag_axi_0/inst/jtag_axi_engine_u/wr_cmd_fifo_i/inst_fifo_gen/gconvfifo.rf/grf.rf/gntv_or_sync_fifo.mem/gbm.gbmg.gbmga.ngecc.bmg/inst_blk_mem_gen/gnbram.gnativebmg.native_blk_mem_gen/valid.cstr/ramloop[0].ram.r/prim_noinit.ram/DEVICE_7SERIES.NO_BMM_INFO.SDP.WIDE_PRIM36_NO_ECC.ram) in SDP mode with WRITE_FIRST write-mode. This is the preferred mode for best power characteristics, however it may exhibit address collisions if the same address appears on both read and write ports resulting in unknown or corrupted read data. It is suggested to confirm via simulation that an address collision never occurs and if so it is suggested to try and avoid this situation. If address collisions cannot be avoided, the write-mode may be set to READ_FIRST which guarantees that the read data is the prior contents of the memory at the cost of additional power in the design. See the FPGA Memory Resources User Guide for additional information.
INFO: [Vivado 12-3199] DRC finished with 0 Errors, 5 Warnings, 3 Advisories
INFO: [Vivado 12-3200] Please refer to the DRC report (report_drc) for more information.
INFO: [Designutils 20-2272] Running write_bitstream with 8 threads.
Loading data files...
Loading site data...
Loading route data...
Processing options...
Creating bitmap...
Creating bitstream...
Writing bitstream ./design_1_wrapper.bit...
INFO: [Vivado 12-1842] Bitgen Completed Successfully.
INFO: [Project 1-120] WebTalk data collection is mandatory when using a WebPACK part without a full Vivado license. To see the specific WebTalk data collected for your design, open the usage_statistics_webtalk.html or usage_statistics_webtalk.xml file in the implementation directory.
INFO: [Common 17-83] Releasing license: Implementation
17 Infos, 5 Warnings, 0 Critical Warnings and 0 Errors encountered.
write_bitstream completed successfully
write_bitstream: Time (s): cpu = 00:00:18 ; elapsed = 00:00:20 . Memory (MB): peak = 3842.004 ; gain = 262.465 ; free physical = 3356 ; free virtual = 13344
INFO: [Common 17-206] Exiting Vivado at Tue Jun  9 19:45:36 2026...
